// Jest Snapshot v1, https://goo.gl/fbAQLP

exports[`should render List with empty message 1`] = `
<main>
  <Link
    replace={false}
    to="/expenses/new"
  >
    <[object Object]
      type="submit"
    >
      Add Despesas
    </[object Object]>
  </Link>
  <p>
    Não há despesas
  </p>
</main>
`;

exports[`should render List with expenses 1`] = `
<main>
  <Link
    replace={false}
    to="/expenses/new"
  >
    <[object Object]
      type="submit"
    >
      Add Despesas
    </[object Object]>
  </Link>
  <div>
    <table
      className="pure-table table"
    >
      <thead>
        <tr>
          <th>
            Descrição
          </th>
          <th>
            Valor
          </th>
          <th>
            Categoria
          </th>
          <th>
            Data
          </th>
        </tr>
      </thead>
      <tbody>
        <Item
          amount={3250}
          category="Life"
          createAt={0}
          description="Gum"
          id={1}
          key="1"
        />
        <Item
          amount={3250}
          category="Home"
          createAt={-86400000}
          description="Rent"
          id={2}
          key="2"
        />
        <Item
          amount={3250}
          category="Bank"
          createAt={86400000}
          description="Credit car"
          id={3}
          key="3"
        />
      </tbody>
    </table>
  </div>
</main>
`;
